nftset=/youtube.com/4#inet#fw4#youtube_domains
nftset=/ytimg.com/4#inet#fw4#youtube_domains
nftset=/ggpht.com/4#inet#fw4#youtube_domains
nftset=/googlevideo.com/4#inet#fw4#youtube_domains
nftset=/googleusercontent.com/4#inet#fw4#youtube_domains
nftset=/youtubekids.com/4#inet#fw4#youtube_domains
nftset=/fonts.gstatic.com/4#inet#fw4#youtube_domains
nftset=/youtu.be/4#inet#fw4#youtube_domains
nftset=/yt.be/4#inet#fw4#youtube_domains
nftset=/youtube-nocookie.com/4#inet#fw4#youtube_domains
nftset=/wide-youtube.l.google.com/4#inet#fw4#youtube_domains
nftset=/ytimg.l.google.com/4#inet#fw4#youtube_domains
nftset=/youtubei.googleapis.com/4#inet#fw4#youtube_domains
nftset=/youtube.googleapis.com/4#inet#fw4#youtube_domains
nftset=/youtubeembeddedplayer.googleapis.com/4#inet#fw4#youtube_domains
nftset=/youtube-ui.l.google.com/4#inet#fw4#youtube_domains
nftset=/yt-video-upload.l.google.com/4#inet#fw4#youtube_domains
nftset=/jnn-pa.googleapis.com/4#inet#fw4#youtube_domains
nftset=/returnyoutubedislikeapi.com/4#inet#fw4#youtube_domains
nftset=/gvt1.com/4#inet#fw4#youtube_domains
nftset=/gvt2.com/4#inet#fw4#youtube_domains
nftset=/gvt3.com/4#inet#fw4#youtube_domains
nftset=/1e100.net/4#inet#fw4#youtube_domains
nftset=/nhacmp3youtube.com/4#inet#fw4#youtube_domains
